// Jest Snapshot v1, https://goo.gl/fbAQLP

exports[`addWombat matches the last snapshot 1`] = `"A string"`;
